#./src/main/resources/Entities.map
#Thu May 23 00:33:28 CEST 2019
spamBoxReferee1=550
spamBoxReader2=567
outBoxSponsor1=555
spamBoxReader1=562
trashBoxAdmin1=539
configuration1=571
sponsor1=553
inBoxReferee1=548
event3=582
inBoxAdmin1=536
trashBoxSponsor1=557
event2=581
event1=580
notificationBoxReferee1=552
trashBoxReader2=568
category8=579
trashBoxReader1=563
outBoxOrganizer1=543
category7=578
category6=577
category5=576
outBoxReader2=566
category4=575
outBoxReader1=561
category3=574
category2=573
spamBoxSponsor1=556
category1=572
notificationBoxAdmin1=540
spamBoxAdmin1=538
inBoxReader2=564
inBoxReader1=559
book3=587
book2=586
outBoxAdmin1=537
book1=585
inBoxSponsor1=554
reader2=584
reader1=583
notificationBoxSponsor1=558
trashBoxOrganizer1=545
spamBoxOrganizer1=544
organizer1=541
notificationBoxReader2=565
register1=588
notificationBoxReader1=560
transaction2=590
notificationBoxOrganizer1=546
transaction1=589
userAccount6=534
userAccount5=533
userAccount4=532
userAccount3=531
userAccount2=530
userAccount1=529
outBoxReferee1=549
referee1=547
admin1=535
trashBoxReferee1=551
inBoxOrganizer1=542
finder2=570
finder1=569
