#./src/main/resources/Entities.map
#Wed May 22 16:22:59 CEST 2019
spamBoxReferee1=482
spamBoxReader2=499
outBoxSponsor1=487
spamBoxReader1=494
trashBoxAdmin1=471
configuration1=503
sponsor1=485
inBoxReferee1=480
inBoxAdmin1=468
trashBoxSponsor1=489
notificationBoxReferee1=484
trashBoxReader2=500
trashBoxReader1=495
outBoxOrganizer1=475
category7=510
category6=509
category5=508
outBoxReader2=498
category4=507
outBoxReader1=493
category3=506
category2=505
spamBoxSponsor1=488
category1=504
notificationBoxAdmin1=472
spamBoxAdmin1=470
inBoxReader2=496
inBoxReader1=491
book3=515
book2=514
outBoxAdmin1=469
book1=513
inBoxSponsor1=486
reader2=512
reader1=511
notificationBoxSponsor1=490
trashBoxOrganizer1=477
spamBoxOrganizer1=476
organizer1=473
notificationBoxReader2=497
notificationBoxReader1=492
transaction2=517
notificationBoxOrganizer1=478
transaction1=516
userAccount6=466
userAccount5=465
userAccount4=464
userAccount3=463
userAccount2=462
userAccount1=461
outBoxReferee1=481
referee1=479
admin1=467
trashBoxReferee1=483
inBoxOrganizer1=474
finder2=502
finder1=501
